omx_stillcapture_OMSTILL_metric
omx_stillpreview_OMVFSTILL_metric
omx_videopreview_OMVFVIDEO_metric
omx_videorecord_OMVIDEO_metric
omx_still_burst_OMSTILL_metric
omx_omxstandard_nBufferCountActual_OMVFVIDEO_metric
omx_omxstandard_nBufferCountActual_OMVIDEO_metric
omx_omxstandard_nBufferCountActual_OMVFSTILL_metric
omx_omxstandard_nBufferCountActual_OMSTILL_metric
omx_omxstandard_state_transition_OMVFVIDEO_metric
omx_omxstandard_state_transition_OMVFSTILL_metric
omx_omxstandard_state_transition_OMVIDEO_metric
omx_omxstandard_port_allocation_omna_metric

omx_omxstandard_port_enable_disable_all_OMVIDEO_metric
omx_omxstandard_port_enable_disable_vpb0_OMVFSTILL_metric
omx_omxstandard_port_enable_disable_vpb0_OMVIDEO_metric
omx_omxstandard_port_enable_disable_vpb1_0_OMSTILL_metric
omx_omxstandard_port_enable_disable_vpb1_1_OMSTILL_metric
omx_omxstandard_port_enable_disable_vpb2_OMVIDEO_metric

omx_autopause_OMSTILL_metric
omx_switch_sensor_uc_metric
omx_preview_switch_vfstill_vf_video_OMVF_stim

omx_still_burst_time_lapse_OMSTILL_metric
#omx_videostill_OMVIDEOSTILL_metric
