###############################################################################
# H264 ERC bitstream list
# 
# used to generate SHA1 YUV frame digests, MB infos, coverage infos, ...
#
# Author : Christophe ICORD
# Date   : September, 12th 2008
# (C) ST-NXP Wireless
###############################################################################
/prj/multimedia_shared/video/bitstreams/H264/CUSTOM/EC/akiyo_CIF_256000.264 75
/prj/multimedia_shared/video/bitstreams/H264/CUSTOM/EC/akiyo_CIF_384000.264 150
/prj/multimedia_shared/video/bitstreams/H264/CUSTOM/EC/akiyo_CIF_64000.264 30
/prj/multimedia_shared/video/bitstreams/H264/CUSTOM/EC/akiyo_QCIF_128000.264 150
/prj/multimedia_shared/video/bitstreams/H264/CUSTOM/EC/akiyo_QCIF_32000.264 50
/prj/multimedia_shared/video/bitstreams/H264/CUSTOM/EC/akiyo_QCIF_64000.264 75
/prj/multimedia_shared/video/bitstreams/H264/CUSTOM/EC/carphone_QCIF_128000.264 191
/prj/multimedia_shared/video/bitstreams/H264/CUSTOM/EC/carphone_QCIF_32000.264 64
/prj/multimedia_shared/video/bitstreams/H264/CUSTOM/EC/carphone_QCIF_64000.264 96
/prj/multimedia_shared/video/bitstreams/H264/CUSTOM/EC/city_VGA_1000000.264 189
/prj/multimedia_shared/video/bitstreams/H264/CUSTOM/EC/city_VGA_2000000.264 269
/prj/multimedia_shared/video/bitstreams/H264/CUSTOM/EC/city_VGA_384000.264 126
/prj/multimedia_shared/video/bitstreams/H264/CUSTOM/EC/foreman_CIF_128000.264 6
/prj/multimedia_shared/video/bitstreams/H264/CUSTOM/EC/foreman_CIF_256000.264 100
/prj/multimedia_shared/video/bitstreams/H264/CUSTOM/EC/foreman_CIF_64000.264 6
/prj/multimedia_shared/video/bitstreams/H264/CUSTOM/EC/foreman_QCIF_128000.264 200
/prj/multimedia_shared/video/bitstreams/H264/CUSTOM/EC/foreman_QCIF_32000.264 67
/prj/multimedia_shared/video/bitstreams/H264/CUSTOM/EC/foreman_QCIF_64000.264 100
/prj/multimedia_shared/video/bitstreams/H264/CUSTOM/EC/mix_CIF_128000.264 9
/prj/multimedia_shared/video/bitstreams/H264/CUSTOM/EC/mix_CIF_256000.264 26
/prj/multimedia_shared/video/bitstreams/H264/CUSTOM/EC/mix_CIF_64000.264 6
/prj/multimedia_shared/video/bitstreams/H264/CUSTOM/EC/mix_QCIF_128000.264 153
/prj/multimedia_shared/video/bitstreams/H264/CUSTOM/EC/mix_QCIF_32000.264 51
/prj/multimedia_shared/video/bitstreams/H264/CUSTOM/EC/mix_QCIF_64000.264 77
/prj/multimedia_shared/video/bitstreams/H264/CUSTOM/EC/mobile_CIF_128000.264 10
/prj/multimedia_shared/video/bitstreams/H264/CUSTOM/EC/mobile_CIF_256000.264 50
/prj/multimedia_shared/video/bitstreams/H264/CUSTOM/EC/mobile_CIF_64000.264 10
/prj/multimedia_shared/video/bitstreams/H264/CUSTOM/EC/mobile_QCIF_128000.264 150
/prj/multimedia_shared/video/bitstreams/H264/CUSTOM/EC/mobile_QCIF_32000.264 50
/prj/multimedia_shared/video/bitstreams/H264/CUSTOM/EC/mobile_QCIF_64000.264 75
/prj/multimedia_shared/video/bitstreams/H264/CUSTOM/EC/news_CIF_128000.264 50
/prj/multimedia_shared/video/bitstreams/H264/CUSTOM/EC/news_CIF_256000.264 75
/prj/multimedia_shared/video/bitstreams/H264/CUSTOM/EC/news_CIF_64000.264 30
/prj/multimedia_shared/video/bitstreams/H264/CUSTOM/EC/news_QCIF_128000.264 150
/prj/multimedia_shared/video/bitstreams/H264/CUSTOM/EC/news_QCIF_32000.264 50
/prj/multimedia_shared/video/bitstreams/H264/CUSTOM/EC/news_QCIF_64000.264 75
/prj/multimedia_shared/video/bitstreams/H264/CUSTOM/EC/night_VGA_1000000.264 199
/prj/multimedia_shared/video/bitstreams/H264/CUSTOM/EC/night_VGA_2000000.264 269
/prj/multimedia_shared/video/bitstreams/H264/CUSTOM/EC/night_VGA_384000.264 93
/prj/multimedia_shared/video/bitstreams/H264/CUSTOM/EC/sailor_VGA_1000000.264 300
/prj/multimedia_shared/video/bitstreams/H264/CUSTOM/EC/sailor_VGA_2000000.264 300
/prj/multimedia_shared/video/bitstreams/H264/CUSTOM/EC/sailor_VGA_384000.264 294
/prj/multimedia_shared/video/bitstreams/H264/CUSTOM/EC/stefan_CIF_128000.264 50
/prj/multimedia_shared/video/bitstreams/H264/CUSTOM/EC/stefan_CIF_256000.264 75
/prj/multimedia_shared/video/bitstreams/H264/CUSTOM/EC/stefan_CIF_64000.264 30
/prj/multimedia_shared/video/bitstreams/H264/CUSTOM/EC/stefan_QCIF_128000.264 150
/prj/multimedia_shared/video/bitstreams/H264/CUSTOM/EC/stefan_QCIF_32000.264 50
/prj/multimedia_shared/video/bitstreams/H264/CUSTOM/EC/stefan_QCIF_64000.264 75
/prj/multimedia_shared/video/bitstreams/H264/CUSTOM/EC/teeny_CIF_128000.264 13
/prj/multimedia_shared/video/bitstreams/H264/CUSTOM/EC/teeny_CIF_256000.264 19
/prj/multimedia_shared/video/bitstreams/H264/CUSTOM/EC/teeny_CIF_64000.264 6
/prj/multimedia_shared/video/bitstreams/H264/CUSTOM/EC/allegro_720x480_sloss_10.264 50
/prj/multimedia_shared/video/bitstreams/H264/CUSTOM/EC/allegro_720x480_sloss_20.264 50
/prj/multimedia_shared/video/bitstreams/H264/CUSTOM/EC/allegro_720x480_sloss_5.264 50
/prj/multimedia_shared/video/bitstreams/H264/CUSTOM/EC/nokia_QCIF_floss.264 126
/prj/multimedia_shared/video/bitstreams/H264/CUSTOM/EC/rs_80x96_1copy.264 450
/prj/multimedia_shared/video/bitstreams/H264/CUSTOM/EC/rs_80x96_1copy_onlyVCL.264 450
/prj/multimedia_shared/video/bitstreams/H264/CUSTOM/EC/rs_80x96_2copy.264 450
/prj/multimedia_shared/video/bitstreams/H264/CUSTOM/EC/rs_80x96_2copy_onlyVCL.264 450
/prj/multimedia_shared/video/bitstreams/H264/CUSTOM/EC/rs_80x96_nonref_copy.264 450
/prj/multimedia_shared/video/bitstreams/H264/CUSTOM/EC/rs_80x96_partialcopy.264 450
