$MAP
$COMMS_TYPE "CCI_32"
Hex
Children
ToggleEndian
Device "orphan_address_block" Address 0x20

	Group "CRM"


		Item "CRM_EN_CLK_SD_HISPEED"	Index 0x2a00 NumBytes 4

			Parent "CRM_EN_CLK_SD_HISPEED" Item "EN_CLK_SD_HISPEED" (0)

		Item "CRM_EN_CLK_SD_LOSPEED"	Index 0x2a04 NumBytes 4

			Parent "CRM_EN_CLK_SD_LOSPEED" Item "EN_CLK_SD_LOSPEED" (0)

		Item "CRM_EN_CLK_PIPE"	Index 0x2a08 NumBytes 4

			Parent "CRM_EN_CLK_PIPE" Item "EN_CLK_PIPE" (0)

		Item "CRM_EN_CLK_BML"	Index 0x2a0c NumBytes 4

			Parent "CRM_EN_CLK_BML" Item "EN_CLK_BML" (0)

		Item "CRM_EN_CLK_BMS"	Index 0x2a10 NumBytes 4

			Parent "CRM_EN_CLK_BMS" Item "EN_CLK_BMS" (0)

		Item "CRM_EN_CLK_PIPE_IN"	Index 0x2a14 NumBytes 4

			Parent "CRM_EN_CLK_PIPE_IN" Item "EN_CLK_PIPE_IN" (0)

		Item "CRM_CLK_PIPE_IN_DIV"	Index 0x2a18 NumBytes 4

			Parent "CRM_CLK_PIPE_IN_DIV" Item "CLK_PIPE_IN_DIV" (4:0)

		Item "CRM_CLK_HOST_IPP_DIV"	Index 0x2a1c NumBytes 4

			Parent "CRM_CLK_HOST_IPP_DIV" Item "CLK_HOST_IPP_DIV" (6:0)

		Item "CRM_CLK_SD_HISPEED_SOURCE_SEL"	Index 0x2a20 NumBytes 4

			Parent "CRM_CLK_SD_HISPEED_SOURCE_SEL" Item "CLK_SD_HISPEED_SOURCE_SEL" (1:0)	Lut "CRM_CLK_SD_HISPEED_SOURCE_SEL_CLK_SD_HISPEED_SOURCE_SEL_lut"

		Item "CRM_CLK_SD_LOSPEED_SOURCE_SEL"	Index 0x2a24 NumBytes 4

			Parent "CRM_CLK_SD_LOSPEED_SOURCE_SEL" Item "CLK_SD_LOSPEED_SOURCE_SEL" (1:0)	Lut "CRM_CLK_SD_LOSPEED_SOURCE_SEL_CLK_SD_LOSPEED_SOURCE_SEL_lut"

		Item "CRM_CLK_PIPE_SOURCE_SEL"	Index 0x2a28 NumBytes 4

			Parent "CRM_CLK_PIPE_SOURCE_SEL" Item "CLK_PIPE_SOURCE_SEL" (1:0)	Lut "CRM_CLK_PIPE_SOURCE_SEL_CLK_PIPE_SOURCE_SEL_lut"

		Item "CRM_CLK_BMS_SOURCE_SEL"	Index 0x2a2c NumBytes 4

			Parent "CRM_CLK_BMS_SOURCE_SEL" Item "CLK_BMS_SOURCE_SEL" (1:0)	Lut "CRM_CLK_BMS_SOURCE_SEL_CLK_BMS_SOURCE_SEL_lut"

		Item "CRM_TIMER_CLK_PIPE_SEL"	Index 0x2a30 NumBytes 4

			Parent "CRM_TIMER_CLK_PIPE_SEL" Item "TIMER_CLK_PIPE_SEL0" (0)	Lut "CRM_TIMER_CLK_PIPE_SEL_TIMER_CLK_PIPE_SEL0_lut"
			Parent "CRM_TIMER_CLK_PIPE_SEL" Item "TIMER_CLK_PIPE_SEL1" (1)	Lut "CRM_TIMER_CLK_PIPE_SEL_TIMER_CLK_PIPE_SEL1_lut"
			Parent "CRM_TIMER_CLK_PIPE_SEL" Item "TIMER_CLK_PIPE_SEL2" (2)	Lut "CRM_TIMER_CLK_PIPE_SEL_TIMER_CLK_PIPE_SEL2_lut"
			Parent "CRM_TIMER_CLK_PIPE_SEL" Item "TIMER_CLK_PIPE_SEL3" (3)	Lut "CRM_TIMER_CLK_PIPE_SEL_TIMER_CLK_PIPE_SEL3_lut"

		Item "CRM_PWM_CLK_PIPE_SEL"	Index 0x2a34 NumBytes 4

			Parent "CRM_PWM_CLK_PIPE_SEL" Item "PWM_CLK_PIPE_SEL0" (0)	Lut "CRM_PWM_CLK_PIPE_SEL_PWM_CLK_PIPE_SEL0_lut"
			Parent "CRM_PWM_CLK_PIPE_SEL" Item "PWM_CLK_PIPE_SEL1" (1)	Lut "CRM_PWM_CLK_PIPE_SEL_PWM_CLK_PIPE_SEL1_lut"
			Parent "CRM_PWM_CLK_PIPE_SEL" Item "PWM_CLK_PIPE_SEL2" (2)	Lut "CRM_PWM_CLK_PIPE_SEL_PWM_CLK_PIPE_SEL2_lut"
			Parent "CRM_PWM_CLK_PIPE_SEL" Item "PWM_CLK_PIPE_SEL3" (3)	Lut "CRM_PWM_CLK_PIPE_SEL_PWM_CLK_PIPE_SEL3_lut"

		Item "CRM_PWM3_EN_CLK_PIEZO"	Index 0x2a38 NumBytes 4

			Parent "CRM_PWM3_EN_CLK_PIEZO" Item "PWM3_EN_CLK_PIEZO" (0)

		Item "CRM_PWM3_CLK_PIEZO_DIV"	Index 0x2a3c NumBytes 4

			Parent "CRM_PWM3_CLK_PIEZO_DIV" Item "PWM3_CLK_PIEZO_DIV" (6:0)

		Item "CRM_PWM3_CLK_PIEZO_N_SEL"	Index 0x2a40 NumBytes 4

			Parent "CRM_PWM3_CLK_PIEZO_N_SEL" Item "PWM3_CLK_PIEZO_N_SEL" (0)	Lut "CRM_PWM3_CLK_PIEZO_N_SEL_PWM3_CLK_PIEZO_N_SEL_lut"

		Item "CRM_EMUL_SENSOR_CLOCK"	Index 0x2a50 NumBytes 4

			Parent "CRM_EMUL_SENSOR_CLOCK" Item "EMUL_SENSOR_CLOCK" (0)

		Item "CRM_CHECKER_LOST_EN_CTRL_N"	Index 0x2a54 NumBytes 4

			Parent "CRM_CHECKER_LOST_EN_CTRL_N" Item "CHECKER_LOST_EN_CTRL_N" (0)

		Item "CRM_CHECKER_RESET"	Index 0x2a58 NumBytes 4

			Parent "CRM_CHECKER_RESET" Item "CHECKER_RESET" (31:0)

		Item "CRM_CHECKER_ITS"	Index 0x2a5c NumBytes 4

			Parent "CRM_CHECKER_ITS" Item "CKC_OK_ITS" (0)
			Parent "CRM_CHECKER_ITS" Item "CKC_LOST_ITS" (1)
			Parent "CRM_CHECKER_ITS" Item "TOP_IF_SEL" (3:2)	Lut "CRM_CHECKER_ITS_TOP_IF_SEL_lut"

		Item "CRM_CHECKER_ITS_BCLR"	Index 0x2a60 NumBytes 4

			Parent "CRM_CHECKER_ITS_BCLR" Item "CKC_OK_ITS_BCLR" (0)
			Parent "CRM_CHECKER_ITS_BCLR" Item "CKC_LOST_ITS_BCLR" (1)

		Item "CRM_CHECKER_ITS_BSET"	Index 0x2a64 NumBytes 4

			Parent "CRM_CHECKER_ITS_BSET" Item "CKC_OK_ITS_BSET" (0)
			Parent "CRM_CHECKER_ITS_BSET" Item "CKC_LOST_ITS_BSET" (1)

		Item "CRM_CHECKER_ITM"	Index 0x2a68 NumBytes 4

			Parent "CRM_CHECKER_ITM" Item "CKC_OK_ITM" (0)
			Parent "CRM_CHECKER_ITM" Item "CKC_LOST_ITM" (1)

		Item "CRM_CHECKER_ITM_BCLR"	Index 0x2a6c NumBytes 4

			Parent "CRM_CHECKER_ITM_BCLR" Item "CKC_OK_ITM_BCLR" (0)
			Parent "CRM_CHECKER_ITM_BCLR" Item "CKC_LOST_ITM_BCLR" (1)

		Item "CRM_CHECKER_ITM_BSET"	Index 0x2a70 NumBytes 4

			Parent "CRM_CHECKER_ITM_BSET" Item "CKC_OK_ITM_BSET" (0)
			Parent "CRM_CHECKER_ITM_BSET" Item "CKC_LOST_ITM_BSET" (1)

		Item "CRM_CHECKER_DETECT_WDW"	Index 0x2a74 NumBytes 4

			Parent "CRM_CHECKER_DETECT_WDW" Item "CKC_DETECT_WDW" (10:0)
	Group End


End
	[CRM_CLK_SD_HISPEED_SOURCE_SEL_CLK_SD_HISPEED_SOURCE_SEL_lut]
	entries = 2
	attr0 = "0x0 : B_0x0"
	val0 = 0x0
	attr1 = "0x1 : B_0x1"
	val1 = 0x1
	End

	[CRM_CLK_SD_LOSPEED_SOURCE_SEL_CLK_SD_LOSPEED_SOURCE_SEL_lut]
	entries = 2
	attr0 = "0x0 : B_0x0"
	val0 = 0x0
	attr1 = "0x1 : B_0x1"
	val1 = 0x1
	End

	[CRM_CLK_PIPE_SOURCE_SEL_CLK_PIPE_SOURCE_SEL_lut]
	entries = 2
	attr0 = "0x0 : B_0x0"
	val0 = 0x0
	attr1 = "0x1 : B_0x1"
	val1 = 0x1
	End

	[CRM_CLK_BMS_SOURCE_SEL_CLK_BMS_SOURCE_SEL_lut]
	entries = 2
	attr0 = "0x0 : B_0x0"
	val0 = 0x0
	attr1 = "0x1 : B_0x1"
	val1 = 0x1
	End

	[CRM_TIMER_CLK_PIPE_SEL_TIMER_CLK_PIPE_SEL0_lut]
	entries = 2
	attr0 = "0x0 : B_0x0"
	val0 = 0x0
	attr1 = "0x1 : B_0x1"
	val1 = 0x1
	End

	[CRM_TIMER_CLK_PIPE_SEL_TIMER_CLK_PIPE_SEL1_lut]
	entries = 2
	attr0 = "0x0 : B_0x0"
	val0 = 0x0
	attr1 = "0x1 : B_0x1"
	val1 = 0x1
	End

	[CRM_TIMER_CLK_PIPE_SEL_TIMER_CLK_PIPE_SEL2_lut]
	entries = 2
	attr0 = "0x0 : B_0x0"
	val0 = 0x0
	attr1 = "0x1 : B_0x1"
	val1 = 0x1
	End

	[CRM_TIMER_CLK_PIPE_SEL_TIMER_CLK_PIPE_SEL3_lut]
	entries = 2
	attr0 = "0x0 : B_0x0"
	val0 = 0x0
	attr1 = "0x1 : B_0x1"
	val1 = 0x1
	End

	[CRM_PWM_CLK_PIPE_SEL_PWM_CLK_PIPE_SEL0_lut]
	entries = 2
	attr0 = "0x0 : B_0x0"
	val0 = 0x0
	attr1 = "0x1 : B_0x1"
	val1 = 0x1
	End

	[CRM_PWM_CLK_PIPE_SEL_PWM_CLK_PIPE_SEL1_lut]
	entries = 2
	attr0 = "0x0 : B_0x0"
	val0 = 0x0
	attr1 = "0x1 : B_0x1"
	val1 = 0x1
	End

	[CRM_PWM_CLK_PIPE_SEL_PWM_CLK_PIPE_SEL2_lut]
	entries = 2
	attr0 = "0x0 : B_0x0"
	val0 = 0x0
	attr1 = "0x1 : B_0x1"
	val1 = 0x1
	End

	[CRM_PWM_CLK_PIPE_SEL_PWM_CLK_PIPE_SEL3_lut]
	entries = 2
	attr0 = "0x0 : B_0x0"
	val0 = 0x0
	attr1 = "0x1 : B_0x1"
	val1 = 0x1
	End

	[CRM_PWM3_CLK_PIEZO_N_SEL_PWM3_CLK_PIEZO_N_SEL_lut]
	entries = 2
	attr0 = "0x0 : B_0x0"
	val0 = 0x0
	attr1 = "0x1 : B_0x1"
	val1 = 0x1
	End

	[CRM_CHECKER_ITS_TOP_IF_SEL_lut]
	entries = 2
	attr0 = "0x0 : B_0x0"
	val0 = 0x0
	attr1 = "0x1 : B_0x1"
	val1 = 0x1
	End

